[1mshanty · Aoi[0m
[2m────────────────────────────────────────────────────────────────[0m
[7m>  Harbour                                              2 tracks[0m
   Low Water                                             1 track





[2m────────────────────────────────────────────────────────────────[0m
[2mnothing playing[0m
[2m↑↓ move · gg top · G end · enter open · esc back · / filter · :…[0m