[1mshanty · artists[0m
[2m────────────────────────────────────────────────────────────────[0m
   Aoi                                                  2 albums
[7m>  The Bilge Pumps                                       1 album[0m
   坂本龍一                                             3 albums




[2m────────────────────────────────────────────────────────────────[0m
[2mnothing playing[0m
[2m↑↓ move · gg top · G end · enter open · esc back · / filter · :…[0m