[1mshanty · artists[0m
[2m────────────────────────────────────────────────────────────────[0m
[2m  the server refused; check credentials.toml[0m






[2m────────────────────────────────────────────────────────────────[0m
[2mnothing playing[0m
[2m↑↓ move · enter open · esc back · space pause · n/p skip · [ ] …[0m