[1mshanty · artists[0m
[2m────────────────────────────────────────────────────────────────[0m
[7m> Aoi                                                   2 albums[0m
  The Bilge Pumps                                        1 album
  坂本龍一                                              3 albums




[2m────────────────────────────────────────────────────────────────[0m
[2mnothing playing[0m
[1mmpv stopped: exit status 1 · restart shanty to play again[0m