[1mshanty · playlists · 2 playlists[0m
[2m────────────────────────────────────────────────────────────────[0m
[7m> Evening                                              12 tracks[0m
  Long Watch                                           41 tracks





[2m────────────────────────────────────────────────────────────────[0m
[2mnothing playing[0m
[2m↑↓ move · gg top · G end · enter open · esc back · / filter · :…[0m