[1mshanty · queue · 2 of 3[0m
[2m────────────────────────────────────────────────────────────────[0m
     Slipway · Aoi                                          3:00
[7m> ▶  Ballast · Aoi                                          3:20[0m
     Low Water · The Bilge Pumps                            3:40



[2m────────────────────────────────────────────────────────────────[0m
▶ Ballast · Aoi                           0:45 / 3:20   vol 100%
[1m━━━━━━━━━━━━━━[0m[2m──────────────────────────────────────────────────[0m
[2m↑↓ move · gg top · G end · enter open · esc back · / filter · :…[0m