[1mshanty · queue · finished, 3 tracks[0m
[2m────────────────────────────────────────────────────────────────[0m
    Slipway · Aoi                                           3:00
    Ballast · Aoi                                           3:20
[7m>   Low Water · The Bilge Pumps                             3:40[0m




[2m────────────────────────────────────────────────────────────────[0m
[2mnothing playing[0m
[2m↑↓ move · gg top · G end · enter open · esc back · / filter · :…[0m