[1mshanty · starred · nothing yet[0m
[2m────────────────────────────────────────────────────────────────[0m
[2m  nothing here[0m






[2m────────────────────────────────────────────────────────────────[0m
[2mnothing playing[0m
[2m↑↓ move · gg top · G end · enter open · esc back · / filter · :…[0m