[1mshanty · Aoi · Harbour[0m
[2m────────────────────────────────────────────────────────────────[0m
[7m>  1. Slipway                                               3:00[0m
   2. Ballast                                               3:00





[2m────────────────────────────────────────────────────────────────[0m
▶ Slipway · Aoi                            1:23 / 3:00   vol 80%
[2m↑↓ move · gg top · G end · enter open · esc back · / filter · :…[0m