[1mshanty · Aoi · Harbour[0m
[2m────────────────────────────────────────────────────────────────[0m
[7m>  1. Slipway                                               3:00[0m
   2. Ballast                                               3:00





[2m────────────────────────────────────────────────────────────────[0m
[2mnothing playing[0m
[2m↑↓ move · enter open · esc back · space pause · n/p skip · [ ] …[0m