[1mshanty · wiki · 13 commands[0m
[2m────────────────────────────────────────────────────────────────[0m
[7m> :search <words>  find artists, albums and tracks on the server[0m
  :playlist <… list them, or create, delete, edit or shuffle one
  :shuffle       play everything on the server in a random order
  :resume            carry on from the queue saved on the server
  :art
  :auto-vol <on… level quiet and loud records against each other
  :wiki                                     explain the commands
[2m────────────────────────────────────────────────────────────────[0m
[2mnothing playing[0m
[2m↑↓ move · gg top · G end · enter open · esc back · / filter · :…[0m