[1mshanty · wiki · :playlist[0m
[2m────────────────────────────────────────────────────────────────[0m
  Lists your playlists, or does one thing to one of them.     

      :playlist
      :playlist create Evening
      :playlist edit Evening

  `gp` opens the list of playlists and `enter` opens one. From
[2m────────────────────────────────────────────────────────────────[0m
[2mnothing playing[0m
[2m↑↓ move · gg top · G end · enter open · esc back · / filter · :…[0m